// Jest Snapshot v1, https://goo.gl/fbAQLP

exports[`CPicture should match to snapshot 1`] = `
<picture>
  <source type="image/webp" srcset="pictureSm.webp 640w, pictureMd.webp 768w, pictureLg.webp 1024w"><img src="picture1.jpg" srcset="pictureSm.jpg 640w, pictureMd.jpg 768w, pictureLg.jpg 1024w" class="w-full object-cover">
</picture>
`;
