// Jest Snapshot v1, https://goo.gl/fbAQLP

exports[`CPicture creating media source 1`] = `
<picture>
  <source type="image/jpg" srcset="picture3.jpg" media="(min-width: 1024px)">
  <source type="image/jpg" srcset="picture2.jpg" media="(min-width: 640px)"><img src="picture1.jpg" class="w-full object-cover">
</picture>
`;

exports[`CPicture rendered 1`] = `<picture><img src="picture1.jpg" class="w-full object-cover"></picture>`;
