// Jest Snapshot v1, https://goo.gl/fbAQLP

exports[`Radio group is rendered & not empty 1`] = `
<div class="mb-2-2">
  <div>
    <div>
      <div class="flex flex-wrap mb-0-4"><label for="radio1" class="relative pl-1-4 cursor-pointer"><input id="radio1" name="radio1" type="radio" class="absolute top-0-2 left-0 w-0-8 h-0-8 form-radio" value="radio1">radio1</label></div>
      <div class="flex flex-wrap mb-0-4"><label for="radio2" class="relative pl-1-4 cursor-pointer"><input id="radio2" name="radio2" type="radio" class="absolute top-0-2 left-0 w-0-8 h-0-8 form-radio" value="radio2">radio2</label></div>
    </div>
  </div>
</div>
`;
